   ▲ Next.js 14.1.0
   - Environments: .env.local

node.exe : 
En línea: 1 Carácter: 1
+ & "C:\Program 
Files\nodejs/node.exe" 
"C:\Program 
Files\nodejs/node_mo 
...
+ ~~~~~~~~~~~~~~~~~~~~~
~~~~~~~~~~~~~~~~~~~~~~~
~~~~~~~~~~~~~~~~~~~~~~~
~~
    + CategoryInfo     
         : NotSpecifi  
  ed: (:String) [],    
 RemoteException
    + FullyQualifiedEr 
   rorId : NativeComm  
  andError
 
> Build error occurred
Error: EINVAL: invalid 
argument, readlink 'C:\
Users\manue\OneDrive\De
sktop\Maverlang 
Entrevistas plataforma\
.next\server\middleware
-build-manifest.js'
    at async 
Object.readlink (node:i
nternal/fs/promises:971
:10)
    at async C:\Users\m
anue\OneDrive\Desktop\M
averlang Entrevistas pl
ataforma\node_modules\n
ext\dist\lib\recursive-
delete.js:58:30
    at async 
Promise.all (index 4)
    at async 
recursiveDelete (C:\Use
rs\manue\OneDrive\Deskt
op\Maverlang 
Entrevistas plataforma\
node_modules\next\dist\
lib\recursive-delete.js
:51:5)
    at async C:\Users\m
anue\OneDrive\Desktop\M
averlang Entrevistas pl
ataforma\node_modules\n
ext\dist\lib\recursive-
delete.js:68:17
    at async 
Promise.all (index 7)
    at async 
recursiveDelete (C:\Use
rs\manue\OneDrive\Deskt
op\Maverlang 
Entrevistas plataforma\
node_modules\next\dist\
lib\recursive-delete.js
:51:5)
    at async C:\Users\m
anue\OneDrive\Desktop\M
averlang Entrevistas pl
ataforma\node_modules\n
ext\dist\build\index.js
:690:17
    at async 
Span.traceAsyncFn (C:\U
sers\manue\OneDrive\Des
ktop\Maverlang 
Entrevistas plataforma\
node_modules\next\dist\
trace\trace.js:151:20)
    at async build (C:\
Users\manue\OneDrive\De
sktop\Maverlang 
Entrevistas plataforma\
node_modules\next\dist\
build\index.js:374:9) {
  errno: -4071,
  code: 'EINVAL',
  syscall: 'readlink',
  path: 'C:\\Users\\man
ue\\OneDrive\\Desktop\\
Maverlang Entrevistas p
lataforma\\.next\\serve
r\\middleware-build-man
ifest.js'
}
